takuyaaoyanagi@TakuyanoMacBook-Air git_challenge % cd git_challenge
cd: no such file or directory: git_challenge
takuyaaoyanagi@TakuyanoMacBook-Air git_challenge % cd /Desktop/git_challenge
cd: no such file or directory: /Desktop/git_challenge
takuyaaoyanagi@TakuyanoMacBook-Air git_challenge % cd /git_challenge
cd: no such file or directory: /git_challenge
takuyaaoyanagi@TakuyanoMacBook-Air git_challenge % git init
Initialized empty Git repository in /Users/takuyaaoyanagi/Desktop/git_challenge/.git/
takuyaaoyanagi@TakuyanoMacBook-Air git_challenge % echo  > hello_world.txt
takuyaaoyanagi@TakuyanoMacBook-Air git_challenge % git add hello_world.txt
takuyaaoyanagi@TakuyanoMacBook-Air git_challenge % git commit -m "hello_world.txtを追加"   
[main (root-commit) dd4876c] 最初のコミット
 1 file changed, 1 insertion(+)
 create mode 100644 hello_world.txt
takuyaaoyanagi@TakuyanoMacBook-Air git_challenge % git add hello_world.txt
takuyaaoyanagi@TakuyanoMacBook-Air git_challenge % git commit -m "日本語訳を追記"
[main 9c16ace] 日本語訳を追記
 1 file changed, 2 insertions(+), 1 deletion(-)
takuyaaoyanagi@TakuyanoMacBook-Air git_challenge % git log
commit 9c16ace6b7b835b5757d1d5988141a82102fd002 (HEAD -> main)
Author: atakuya-12915 <t.taku0402@outlook.com>
Date:   Thu May 8 03:05:39 2025 +0900

    日本語訳を追記

commit dd4876c23f83aa70e7d716ee3e1245c8a75cd70c
Author: atakuya-12915 <t.taku0402@outlook.com>
Date:   Thu May 8 03:04:47 2025 +0900

    hello_world.txtを追加