takuyaaoyanagi@TakuyanoMacBook-Air git_challenge % cd /Users/takuyaaoyanagi/デスクトップ/git_challenge
takuyaaoyanagi@TakuyanoMacBook-Air git_challenge % git init
Initialized empty Git repository in /Users/takuyaaoyanagi/デスクトップ/git_challenge/.git/
takuyaaoyanagi@TakuyanoMacBook-Air git_challenge % echo Hello, world! > hello_world.txt
takuyaaoyanagi@TakuyanoMacBook-Air git_challenge % git add hello_world.txt
takuyaaoyanagi@TakuyanoMacBook-Air git_challenge % git commit -m "hello_world.txtを追加"
[main (root-commit) d93f62f] hello_world.txtを追加
 1 file changed, 1 insertion(+)
 create mode 100644 hello_world.txt
takuyaaoyanagi@TakuyanoMacBook-Air git_challenge % git add hello_world.txt
takuyaaoyanagi@TakuyanoMacBook-Air git_challenge % git commit -m "日本語訳を追記"
[main 94643d5] 日本語訳を追記
 1 file changed, 1 insertion(+)
takuyaaoyanagi@TakuyanoMacBook-Air git_challenge % git log --oneline
94643d5 (HEAD -> main) 日本語訳を追記
d93f62f hello_world.txtを追加
takuyaaoyanagi@TakuyanoMacBook-Air git_challenge % 




















