takuyaaoyanagi@TakuyaMBA git_challenge % cd /Users/takuyaaoyanagi/Desktop/TEST/git_challenge
takuyaaoyanagi@TakuyaMBA git_challenge % git init
Initialized empty Git repository in /Users/takuyaaoyanagi/Desktop/TEST/git_challenge/.git/
takuyaaoyanagi@TakuyaMBA git_challenge % git add hello_world.txt
takuyaaoyanagi@TakuyaMBA git_challenge % git commit -m "hello_world.txtを追加"
[main (root-commit) 4e6e0de] hello_world.txtを追加
 1 file changed, 1 insertion(+)
 create mode 100644 hello_world.txt
takuyaaoyanagi@TakuyaMBA git_challenge % git add hello_world.txt
takuyaaoyanagi@TakuyaMBA git_challenge % git commit -m "日本語訳を追記"
[main b75ec32] 日本語訳を追記
 1 file changed, 2 insertions(+), 1 deletion(-)
takuyaaoyanagi@TakuyaMBA git_challenge % git log --oneline
b75ec32 (HEAD -> main) 日本語訳を追記
4e6e0de hello_world.txtを追加
takuyaaoyanagi@TakuyaMBA git_challenge % 





















